Archive member included to satisfy reference by file (symbol)

/usr/lib/gcc/arm-none-eabi/9.2.1/libgcc.a(_udivsi3.o)
                              build/stdio.o (__aeabi_uidiv)
/usr/lib/gcc/arm-none-eabi/9.2.1/libgcc.a(_divsi3.o)
                              build/stdio.o (__aeabi_idiv)
/usr/lib/gcc/arm-none-eabi/9.2.1/libgcc.a(_dvmd_tls.o)
                              /usr/lib/gcc/arm-none-eabi/9.2.1/libgcc.a(_udivsi3.o) (__aeabi_idiv0)

Memory Configuration

Name             Origin             Length             Attributes
*default*        0x0000000000000000 0xffffffffffffffff

Linker script and memory map

LOAD build/Entry.os
LOAD build/Handler.o
LOAD build/main.o
LOAD build/Regs.o
LOAD build/interrupt.o
LOAD build/Uart.o
LOAD build/stdio.o
LOAD build/armcpu.o
LOAD /usr/lib/gcc/arm-none-eabi/9.2.1/libgcc.a
                0x0000000000000000                . = 0x0

.text           0x0000000000000000     0x11b4
 *(vector_start)
 *(.text .rodata)
 .text          0x0000000000000000       0xd4 build/Entry.os
                0x0000000000000000                vector_start
                0x000000000000003c                vector_end
 .text          0x00000000000000d4       0x24 build/Handler.o
                0x00000000000000d4                Irq_Handler
                0x00000000000000f0                Fiq_Handler
 .text          0x00000000000000f8      0x104 build/main.o
                0x00000000000000f8                main
 .rodata        0x00000000000001fc       0x7f build/main.o
 .text          0x000000000000027b        0x0 build/Regs.o
 *fill*         0x000000000000027b        0x1 
 .text          0x000000000000027c      0x2f8 build/interrupt.o
                0x000000000000027c                Hal_interrupt_init
                0x0000000000000318                Hal_interrupt_enable
                0x00000000000003e4                Hal_interrupt_disable
                0x00000000000004b8                Hal_interrupt_register_handler
                0x00000000000004f0                Hal_interrupt_run_handler
 .text          0x0000000000000574      0x380 build/Uart.o
                0x0000000000000574                Hal_uart_init
                0x0000000000000614                Hal_uart_put_char
                0x0000000000000670                Hal_uart_get_char_OR
                0x00000000000007b0                Hal_uart_get_char
                0x0000000000000840                Hal_uart_get_char_once
 .text          0x00000000000008f4      0x580 build/stdio.o
                0x00000000000008f4                putstr
                0x0000000000000954                printf_self
                0x00000000000009a4                vsprintf
                0x0000000000000c24                utoa
                0x0000000000000d38                itoa
 .rodata        0x0000000000000e74       0x2d build/stdio.o
 *fill*         0x0000000000000ea1        0x3 
 .text          0x0000000000000ea4       0xb0 build/armcpu.o
                0x0000000000000ea4                enable_irq
                0x0000000000000ed0                enable_fiq
                0x0000000000000efc                disable_irq
                0x0000000000000f28                disable_fiq
 .text          0x0000000000000f54      0x114 /usr/lib/gcc/arm-none-eabi/9.2.1/libgcc.a(_udivsi3.o)
                0x0000000000000f54                __udivsi3
                0x0000000000000f54                __aeabi_uidiv
                0x0000000000001048                __aeabi_uidivmod
 .text          0x0000000000001068      0x148 /usr/lib/gcc/arm-none-eabi/9.2.1/libgcc.a(_divsi3.o)
                0x0000000000001068                __aeabi_idiv
                0x0000000000001068                __divsi3
                0x0000000000001190                __aeabi_idivmod
 .text          0x00000000000011b0        0x4 /usr/lib/gcc/arm-none-eabi/9.2.1/libgcc.a(_dvmd_tls.o)
                0x00000000000011b0                __aeabi_ldiv0
                0x00000000000011b0                __aeabi_idiv0

.glue_7         0x00000000000011b4        0x0
 .glue_7        0x00000000000011b4        0x0 linker stubs

.glue_7t        0x00000000000011b4        0x0
 .glue_7t       0x00000000000011b4        0x0 linker stubs

.vfp11_veneer   0x00000000000011b4        0x0
 .vfp11_veneer  0x00000000000011b4        0x0 linker stubs

.v4_bx          0x00000000000011b4        0x0
 .v4_bx         0x00000000000011b4        0x0 linker stubs

.iplt           0x00000000000011b4        0x0
 .iplt          0x00000000000011b4        0x0 build/Entry.os

.rel.dyn        0x00000000000011b4        0x0
 .rel.iplt      0x00000000000011b4        0x0 build/Entry.os

.data           0x00000000000011b4        0xc
 *(.data)
 .data          0x00000000000011b4        0x0 build/Entry.os
 .data          0x00000000000011b4        0x0 build/Handler.o
 .data          0x00000000000011b4        0x0 build/main.o
 .data          0x00000000000011b4        0xc build/Regs.o
                0x00000000000011b4                Uart
                0x00000000000011b8                GicCpu
                0x00000000000011bc                GicDist
 .data          0x00000000000011c0        0x0 build/interrupt.o
 .data          0x00000000000011c0        0x0 build/Uart.o
 .data          0x00000000000011c0        0x0 build/stdio.o
 .data          0x00000000000011c0        0x0 build/armcpu.o
 .data          0x00000000000011c0        0x0 /usr/lib/gcc/arm-none-eabi/9.2.1/libgcc.a(_udivsi3.o)
 .data          0x00000000000011c0        0x0 /usr/lib/gcc/arm-none-eabi/9.2.1/libgcc.a(_divsi3.o)
 .data          0x00000000000011c0        0x0 /usr/lib/gcc/arm-none-eabi/9.2.1/libgcc.a(_dvmd_tls.o)

.igot.plt       0x00000000000011c0        0x0
 .igot.plt      0x00000000000011c0        0x0 build/Entry.os

.bss            0x00000000000011c0      0x7fc
 *(.bss)
 .bss           0x00000000000011c0        0x0 build/Entry.os
 .bss           0x00000000000011c0        0x0 build/Handler.o
 .bss           0x00000000000011c0        0x0 build/main.o
 .bss           0x00000000000011c0        0x0 build/Regs.o
 .bss           0x00000000000011c0      0x3fc build/interrupt.o
 .bss           0x00000000000015bc        0x0 build/Uart.o
 .bss           0x00000000000015bc      0x400 build/stdio.o
 .bss           0x00000000000019bc        0x0 build/armcpu.o
 .bss           0x00000000000019bc        0x0 /usr/lib/gcc/arm-none-eabi/9.2.1/libgcc.a(_udivsi3.o)
 .bss           0x00000000000019bc        0x0 /usr/lib/gcc/arm-none-eabi/9.2.1/libgcc.a(_divsi3.o)
 .bss           0x00000000000019bc        0x0 /usr/lib/gcc/arm-none-eabi/9.2.1/libgcc.a(_dvmd_tls.o)
OUTPUT(build/tr.axf elf32-littlearm)
LOAD linker stubs

.ARM.attributes
                0x0000000000000000       0x2b
 .ARM.attributes
                0x0000000000000000       0x1d build/Entry.os
 .ARM.attributes
                0x000000000000001d       0x2f build/Handler.o
 .ARM.attributes
                0x000000000000004c       0x2f build/main.o
 .ARM.attributes
                0x000000000000007b       0x2f build/Regs.o
 .ARM.attributes
                0x00000000000000aa       0x2f build/interrupt.o
 .ARM.attributes
                0x00000000000000d9       0x2f build/Uart.o
 .ARM.attributes
                0x0000000000000108       0x2f build/stdio.o
 .ARM.attributes
                0x0000000000000137       0x2f build/armcpu.o
 .ARM.attributes
                0x0000000000000166       0x1c /usr/lib/gcc/arm-none-eabi/9.2.1/libgcc.a(_udivsi3.o)
 .ARM.attributes
                0x0000000000000182       0x1c /usr/lib/gcc/arm-none-eabi/9.2.1/libgcc.a(_divsi3.o)
 .ARM.attributes
                0x000000000000019e       0x1c /usr/lib/gcc/arm-none-eabi/9.2.1/libgcc.a(_dvmd_tls.o)

.comment        0x0000000000000000       0x59
 .comment       0x0000000000000000       0x59 build/Handler.o
                                         0x5a (size before relaxing)
 .comment       0x0000000000000059       0x5a build/main.o
 .comment       0x0000000000000059       0x5a build/Regs.o
 .comment       0x0000000000000059       0x5a build/interrupt.o
 .comment       0x0000000000000059       0x5a build/Uart.o
 .comment       0x0000000000000059       0x5a build/stdio.o
 .comment       0x0000000000000059       0x5a build/armcpu.o

.debug_line     0x0000000000000000      0x817
 .debug_line    0x0000000000000000       0x6d build/Entry.os
 .debug_line    0x000000000000006d       0x4c build/Handler.o
 .debug_line    0x00000000000000b9       0x8e build/main.o
 .debug_line    0x0000000000000147       0x5d build/Regs.o
 .debug_line    0x00000000000001a4      0x11e build/interrupt.o
 .debug_line    0x00000000000002c2      0x1a6 build/Uart.o
 .debug_line    0x0000000000000468      0x1fd build/stdio.o
 .debug_line    0x0000000000000665       0x67 build/armcpu.o
 .debug_line    0x00000000000006cc       0x74 /usr/lib/gcc/arm-none-eabi/9.2.1/libgcc.a(_udivsi3.o)
 .debug_line    0x0000000000000740       0x80 /usr/lib/gcc/arm-none-eabi/9.2.1/libgcc.a(_divsi3.o)
 .debug_line    0x00000000000007c0       0x57 /usr/lib/gcc/arm-none-eabi/9.2.1/libgcc.a(_dvmd_tls.o)

.debug_info     0x0000000000000000     0x28a9
 .debug_info    0x0000000000000000       0x26 build/Entry.os
 .debug_info    0x0000000000000026       0x82 build/Handler.o
 .debug_info    0x00000000000000a8       0xf8 build/main.o
 .debug_info    0x00000000000001a0     0x1047 build/Regs.o
 .debug_info    0x00000000000011e7      0x691 build/interrupt.o
 .debug_info    0x0000000000001878      0xc20 build/Uart.o
 .debug_info    0x0000000000002498      0x331 build/stdio.o
 .debug_info    0x00000000000027c9       0x6e build/armcpu.o
 .debug_info    0x0000000000002837       0x26 /usr/lib/gcc/arm-none-eabi/9.2.1/libgcc.a(_udivsi3.o)
 .debug_info    0x000000000000285d       0x26 /usr/lib/gcc/arm-none-eabi/9.2.1/libgcc.a(_divsi3.o)
 .debug_info    0x0000000000002883       0x26 /usr/lib/gcc/arm-none-eabi/9.2.1/libgcc.a(_dvmd_tls.o)

.debug_abbrev   0x0000000000000000      0x710
 .debug_abbrev  0x0000000000000000       0x14 build/Entry.os
 .debug_abbrev  0x0000000000000014       0x5e build/Handler.o
 .debug_abbrev  0x0000000000000072       0xb0 build/main.o
 .debug_abbrev  0x0000000000000122      0x11a build/Regs.o
 .debug_abbrev  0x000000000000023c      0x19c build/interrupt.o
 .debug_abbrev  0x00000000000003d8      0x19d build/Uart.o
 .debug_abbrev  0x0000000000000575      0x131 build/stdio.o
 .debug_abbrev  0x00000000000006a6       0x2e build/armcpu.o
 .debug_abbrev  0x00000000000006d4       0x14 /usr/lib/gcc/arm-none-eabi/9.2.1/libgcc.a(_udivsi3.o)
 .debug_abbrev  0x00000000000006e8       0x14 /usr/lib/gcc/arm-none-eabi/9.2.1/libgcc.a(_divsi3.o)
 .debug_abbrev  0x00000000000006fc       0x14 /usr/lib/gcc/arm-none-eabi/9.2.1/libgcc.a(_dvmd_tls.o)

.debug_aranges  0x0000000000000000      0x158
 .debug_aranges
                0x0000000000000000       0x20 build/Entry.os
 .debug_aranges
                0x0000000000000020       0x20 build/Handler.o
 .debug_aranges
                0x0000000000000040       0x20 build/main.o
 .debug_aranges
                0x0000000000000060       0x18 build/Regs.o
 .debug_aranges
                0x0000000000000078       0x20 build/interrupt.o
 .debug_aranges
                0x0000000000000098       0x20 build/Uart.o
 .debug_aranges
                0x00000000000000b8       0x20 build/stdio.o
 .debug_aranges
                0x00000000000000d8       0x20 build/armcpu.o
 .debug_aranges
                0x00000000000000f8       0x20 /usr/lib/gcc/arm-none-eabi/9.2.1/libgcc.a(_udivsi3.o)
 .debug_aranges
                0x0000000000000118       0x20 /usr/lib/gcc/arm-none-eabi/9.2.1/libgcc.a(_divsi3.o)
 .debug_aranges
                0x0000000000000138       0x20 /usr/lib/gcc/arm-none-eabi/9.2.1/libgcc.a(_dvmd_tls.o)

.debug_str      0x0000000000000000      0x8af
 .debug_str     0x0000000000000000       0x2c build/Entry.os
 .debug_str     0x000000000000002c       0xe4 build/Handler.o
                                        0x110 (size before relaxing)
 .debug_str     0x0000000000000110       0x36 build/main.o
                                        0x124 (size before relaxing)
 .debug_str     0x0000000000000146      0x4d5 build/Regs.o
                                        0x5c7 (size before relaxing)
 .debug_str     0x000000000000061b       0xbb build/interrupt.o
                                        0x3b4 (size before relaxing)
 .debug_str     0x00000000000006d6       0x8d build/Uart.o
                                        0x471 (size before relaxing)
 .debug_str     0x0000000000000763       0x93 build/stdio.o
                                        0x1a0 (size before relaxing)
 .debug_str     0x00000000000007f6       0x3b build/armcpu.o
                                         0xbb (size before relaxing)
 .debug_str     0x0000000000000831       0x7e /usr/lib/gcc/arm-none-eabi/9.2.1/libgcc.a(_udivsi3.o)
                                         0x8a (size before relaxing)
 .debug_str     0x00000000000008af       0x8a /usr/lib/gcc/arm-none-eabi/9.2.1/libgcc.a(_divsi3.o)
 .debug_str     0x00000000000008af       0x8a /usr/lib/gcc/arm-none-eabi/9.2.1/libgcc.a(_dvmd_tls.o)

.debug_frame    0x0000000000000000      0x3d0
 .debug_frame   0x0000000000000000       0x50 build/Handler.o
 .debug_frame   0x0000000000000050       0x68 build/main.o
 .debug_frame   0x00000000000000b8       0xb0 build/interrupt.o
 .debug_frame   0x0000000000000168       0xcc build/Uart.o
 .debug_frame   0x0000000000000234       0xcc build/stdio.o
 .debug_frame   0x0000000000000300       0x90 build/armcpu.o
 .debug_frame   0x0000000000000390       0x20 /usr/lib/gcc/arm-none-eabi/9.2.1/libgcc.a(_udivsi3.o)
 .debug_frame   0x00000000000003b0       0x20 /usr/lib/gcc/arm-none-eabi/9.2.1/libgcc.a(_divsi3.o)
