Archive member included to satisfy reference by file (symbol)

/usr/lib/gcc/arm-none-eabi/9.2.1/libgcc.a(_udivsi3.o)
                              build/stdio.o (__aeabi_uidiv)
/usr/lib/gcc/arm-none-eabi/9.2.1/libgcc.a(_divsi3.o)
                              build/stdio.o (__aeabi_idiv)
/usr/lib/gcc/arm-none-eabi/9.2.1/libgcc.a(_dvmd_tls.o)
                              /usr/lib/gcc/arm-none-eabi/9.2.1/libgcc.a(_udivsi3.o) (__aeabi_idiv0)

Memory Configuration

Name             Origin             Length             Attributes
*default*        0x0000000000000000 0xffffffffffffffff

Linker script and memory map

LOAD build/Entry.os
LOAD build/Handler.o
LOAD build/main.o
LOAD build/Regs.o
LOAD build/interrupt.o
LOAD build/Uart.o
LOAD build/stdio.o
LOAD build/armcpu.o
LOAD /usr/lib/gcc/arm-none-eabi/9.2.1/libgcc.a
                0x0000000000000000                . = 0x0

.text           0x0000000000000000     0x11e4
 *(vector_start)
 *(.text .rodata)
 .text          0x0000000000000000       0xd4 build/Entry.os
                0x0000000000000000                vector_start
                0x000000000000003c                vector_end
 .text          0x00000000000000d4       0x24 build/Handler.o
                0x00000000000000d4                Irq_Handler
                0x00000000000000f0                Fiq_Handler
 .text          0x00000000000000f8      0x134 build/main.o
                0x00000000000000f8                main
 .rodata        0x000000000000022c       0x7f build/main.o
 .text          0x00000000000002ab        0x0 build/Regs.o
 *fill*         0x00000000000002ab        0x1 
 .text          0x00000000000002ac      0x2f8 build/interrupt.o
                0x00000000000002ac                Hal_interrupt_init
                0x0000000000000348                Hal_interrupt_enable
                0x0000000000000414                Hal_interrupt_disable
                0x00000000000004e8                Hal_interrupt_register_handler
                0x0000000000000520                Hal_interrupt_run_handler
 .text          0x00000000000005a4      0x380 build/Uart.o
                0x00000000000005a4                Hal_uart_init
                0x0000000000000644                Hal_uart_put_char
                0x00000000000006a0                Hal_uart_get_char_OR
                0x00000000000007e0                Hal_uart_get_char
                0x0000000000000870                Hal_uart_get_char_once
 .text          0x0000000000000924      0x580 build/stdio.o
                0x0000000000000924                putstr
                0x0000000000000984                printf_self
                0x00000000000009d4                vsprintf
                0x0000000000000c54                utoa
                0x0000000000000d68                itoa
 .rodata        0x0000000000000ea4       0x2d build/stdio.o
 *fill*         0x0000000000000ed1        0x3 
 .text          0x0000000000000ed4       0xb0 build/armcpu.o
                0x0000000000000ed4                enable_irq
                0x0000000000000f00                enable_fiq
                0x0000000000000f2c                disable_irq
                0x0000000000000f58                disable_fiq
 .text          0x0000000000000f84      0x114 /usr/lib/gcc/arm-none-eabi/9.2.1/libgcc.a(_udivsi3.o)
                0x0000000000000f84                __udivsi3
                0x0000000000000f84                __aeabi_uidiv
                0x0000000000001078                __aeabi_uidivmod
 .text          0x0000000000001098      0x148 /usr/lib/gcc/arm-none-eabi/9.2.1/libgcc.a(_divsi3.o)
                0x0000000000001098                __aeabi_idiv
                0x0000000000001098                __divsi3
                0x00000000000011c0                __aeabi_idivmod
 .text          0x00000000000011e0        0x4 /usr/lib/gcc/arm-none-eabi/9.2.1/libgcc.a(_dvmd_tls.o)
                0x00000000000011e0                __aeabi_ldiv0
                0x00000000000011e0                __aeabi_idiv0

.glue_7         0x00000000000011e4        0x0
 .glue_7        0x00000000000011e4        0x0 linker stubs

.glue_7t        0x00000000000011e4        0x0
 .glue_7t       0x00000000000011e4        0x0 linker stubs

.vfp11_veneer   0x00000000000011e4        0x0
 .vfp11_veneer  0x00000000000011e4        0x0 linker stubs

.v4_bx          0x00000000000011e4        0x0
 .v4_bx         0x00000000000011e4        0x0 linker stubs

.iplt           0x00000000000011e4        0x0
 .iplt          0x00000000000011e4        0x0 build/Entry.os

.rel.dyn        0x00000000000011e4        0x0
 .rel.iplt      0x00000000000011e4        0x0 build/Entry.os

.data           0x00000000000011e4        0xc
 *(.data)
 .data          0x00000000000011e4        0x0 build/Entry.os
 .data          0x00000000000011e4        0x0 build/Handler.o
 .data          0x00000000000011e4        0x0 build/main.o
 .data          0x00000000000011e4        0xc build/Regs.o
                0x00000000000011e4                Uart
                0x00000000000011e8                GicCpu
                0x00000000000011ec                GicDist
 .data          0x00000000000011f0        0x0 build/interrupt.o
 .data          0x00000000000011f0        0x0 build/Uart.o
 .data          0x00000000000011f0        0x0 build/stdio.o
 .data          0x00000000000011f0        0x0 build/armcpu.o
 .data          0x00000000000011f0        0x0 /usr/lib/gcc/arm-none-eabi/9.2.1/libgcc.a(_udivsi3.o)
 .data          0x00000000000011f0        0x0 /usr/lib/gcc/arm-none-eabi/9.2.1/libgcc.a(_divsi3.o)
 .data          0x00000000000011f0        0x0 /usr/lib/gcc/arm-none-eabi/9.2.1/libgcc.a(_dvmd_tls.o)

.igot.plt       0x00000000000011f0        0x0
 .igot.plt      0x00000000000011f0        0x0 build/Entry.os

.bss            0x00000000000011f0      0x7fc
 *(.bss)
 .bss           0x00000000000011f0        0x0 build/Entry.os
 .bss           0x00000000000011f0        0x0 build/Handler.o
 .bss           0x00000000000011f0        0x0 build/main.o
 .bss           0x00000000000011f0        0x0 build/Regs.o
 .bss           0x00000000000011f0      0x3fc build/interrupt.o
 .bss           0x00000000000015ec        0x0 build/Uart.o
 .bss           0x00000000000015ec      0x400 build/stdio.o
 .bss           0x00000000000019ec        0x0 build/armcpu.o
 .bss           0x00000000000019ec        0x0 /usr/lib/gcc/arm-none-eabi/9.2.1/libgcc.a(_udivsi3.o)
 .bss           0x00000000000019ec        0x0 /usr/lib/gcc/arm-none-eabi/9.2.1/libgcc.a(_divsi3.o)
 .bss           0x00000000000019ec        0x0 /usr/lib/gcc/arm-none-eabi/9.2.1/libgcc.a(_dvmd_tls.o)
OUTPUT(build/tr.axf elf32-littlearm)
LOAD linker stubs

.ARM.attributes
                0x0000000000000000       0x2b
 .ARM.attributes
                0x0000000000000000       0x1d build/Entry.os
 .ARM.attributes
                0x000000000000001d       0x2f build/Handler.o
 .ARM.attributes
                0x000000000000004c       0x2f build/main.o
 .ARM.attributes
                0x000000000000007b       0x2f build/Regs.o
 .ARM.attributes
                0x00000000000000aa       0x2f build/interrupt.o
 .ARM.attributes
                0x00000000000000d9       0x2f build/Uart.o
 .ARM.attributes
                0x0000000000000108       0x2f build/stdio.o
 .ARM.attributes
                0x0000000000000137       0x2f build/armcpu.o
 .ARM.attributes
                0x0000000000000166       0x1c /usr/lib/gcc/arm-none-eabi/9.2.1/libgcc.a(_udivsi3.o)
 .ARM.attributes
                0x0000000000000182       0x1c /usr/lib/gcc/arm-none-eabi/9.2.1/libgcc.a(_divsi3.o)
 .ARM.attributes
                0x000000000000019e       0x1c /usr/lib/gcc/arm-none-eabi/9.2.1/libgcc.a(_dvmd_tls.o)

.comment        0x0000000000000000       0x59
 .comment       0x0000000000000000       0x59 build/Handler.o
                                         0x5a (size before relaxing)
 .comment       0x0000000000000059       0x5a build/main.o
 .comment       0x0000000000000059       0x5a build/Regs.o
 .comment       0x0000000000000059       0x5a build/interrupt.o
 .comment       0x0000000000000059       0x5a build/Uart.o
 .comment       0x0000000000000059       0x5a build/stdio.o
 .comment       0x0000000000000059       0x5a build/armcpu.o

.debug_line     0x0000000000000000      0x827
 .debug_line    0x0000000000000000       0x6d build/Entry.os
 .debug_line    0x000000000000006d       0x4c build/Handler.o
 .debug_line    0x00000000000000b9       0x9e build/main.o
 .debug_line    0x0000000000000157       0x5d build/Regs.o
 .debug_line    0x00000000000001b4      0x11e build/interrupt.o
 .debug_line    0x00000000000002d2      0x1a6 build/Uart.o
 .debug_line    0x0000000000000478      0x1fd build/stdio.o
 .debug_line    0x0000000000000675       0x67 build/armcpu.o
 .debug_line    0x00000000000006dc       0x74 /usr/lib/gcc/arm-none-eabi/9.2.1/libgcc.a(_udivsi3.o)
 .debug_line    0x0000000000000750       0x80 /usr/lib/gcc/arm-none-eabi/9.2.1/libgcc.a(_divsi3.o)
 .debug_line    0x00000000000007d0       0x57 /usr/lib/gcc/arm-none-eabi/9.2.1/libgcc.a(_dvmd_tls.o)

.debug_info     0x0000000000000000     0x28db
 .debug_info    0x0000000000000000       0x26 build/Entry.os
 .debug_info    0x0000000000000026       0x82 build/Handler.o
 .debug_info    0x00000000000000a8      0x12a build/main.o
 .debug_info    0x00000000000001d2     0x1047 build/Regs.o
 .debug_info    0x0000000000001219      0x691 build/interrupt.o
 .debug_info    0x00000000000018aa      0xc20 build/Uart.o
 .debug_info    0x00000000000024ca      0x331 build/stdio.o
 .debug_info    0x00000000000027fb       0x6e build/armcpu.o
 .debug_info    0x0000000000002869       0x26 /usr/lib/gcc/arm-none-eabi/9.2.1/libgcc.a(_udivsi3.o)
 .debug_info    0x000000000000288f       0x26 /usr/lib/gcc/arm-none-eabi/9.2.1/libgcc.a(_divsi3.o)
 .debug_info    0x00000000000028b5       0x26 /usr/lib/gcc/arm-none-eabi/9.2.1/libgcc.a(_dvmd_tls.o)

.debug_abbrev   0x0000000000000000      0x731
 .debug_abbrev  0x0000000000000000       0x14 build/Entry.os
 .debug_abbrev  0x0000000000000014       0x5e build/Handler.o
 .debug_abbrev  0x0000000000000072       0xd1 build/main.o
 .debug_abbrev  0x0000000000000143      0x11a build/Regs.o
 .debug_abbrev  0x000000000000025d      0x19c build/interrupt.o
 .debug_abbrev  0x00000000000003f9      0x19d build/Uart.o
 .debug_abbrev  0x0000000000000596      0x131 build/stdio.o
 .debug_abbrev  0x00000000000006c7       0x2e build/armcpu.o
 .debug_abbrev  0x00000000000006f5       0x14 /usr/lib/gcc/arm-none-eabi/9.2.1/libgcc.a(_udivsi3.o)
 .debug_abbrev  0x0000000000000709       0x14 /usr/lib/gcc/arm-none-eabi/9.2.1/libgcc.a(_divsi3.o)
 .debug_abbrev  0x000000000000071d       0x14 /usr/lib/gcc/arm-none-eabi/9.2.1/libgcc.a(_dvmd_tls.o)

.debug_aranges  0x0000000000000000      0x158
 .debug_aranges
                0x0000000000000000       0x20 build/Entry.os
 .debug_aranges
                0x0000000000000020       0x20 build/Handler.o
 .debug_aranges
                0x0000000000000040       0x20 build/main.o
 .debug_aranges
                0x0000000000000060       0x18 build/Regs.o
 .debug_aranges
                0x0000000000000078       0x20 build/interrupt.o
 .debug_aranges
                0x0000000000000098       0x20 build/Uart.o
 .debug_aranges
                0x00000000000000b8       0x20 build/stdio.o
 .debug_aranges
                0x00000000000000d8       0x20 build/armcpu.o
 .debug_aranges
                0x00000000000000f8       0x20 /usr/lib/gcc/arm-none-eabi/9.2.1/libgcc.a(_udivsi3.o)
 .debug_aranges
                0x0000000000000118       0x20 /usr/lib/gcc/arm-none-eabi/9.2.1/libgcc.a(_divsi3.o)
 .debug_aranges
                0x0000000000000138       0x20 /usr/lib/gcc/arm-none-eabi/9.2.1/libgcc.a(_dvmd_tls.o)

.debug_str      0x0000000000000000      0x8af
 .debug_str     0x0000000000000000       0x2c build/Entry.os
 .debug_str     0x000000000000002c       0xe4 build/Handler.o
                                        0x110 (size before relaxing)
 .debug_str     0x0000000000000110       0x55 build/main.o
                                        0x143 (size before relaxing)
 .debug_str     0x0000000000000165      0x4d5 build/Regs.o
                                        0x5c7 (size before relaxing)
 .debug_str     0x000000000000063a       0xbb build/interrupt.o
                                        0x3b4 (size before relaxing)
 .debug_str     0x00000000000006f5       0x6e build/Uart.o
                                        0x471 (size before relaxing)
 .debug_str     0x0000000000000763       0x93 build/stdio.o
                                        0x1a0 (size before relaxing)
 .debug_str     0x00000000000007f6       0x3b build/armcpu.o
                                         0xbb (size before relaxing)
 .debug_str     0x0000000000000831       0x7e /usr/lib/gcc/arm-none-eabi/9.2.1/libgcc.a(_udivsi3.o)
                                         0x8a (size before relaxing)
 .debug_str     0x00000000000008af       0x8a /usr/lib/gcc/arm-none-eabi/9.2.1/libgcc.a(_divsi3.o)
 .debug_str     0x00000000000008af       0x8a /usr/lib/gcc/arm-none-eabi/9.2.1/libgcc.a(_dvmd_tls.o)

.debug_frame    0x0000000000000000      0x3d0
 .debug_frame   0x0000000000000000       0x50 build/Handler.o
 .debug_frame   0x0000000000000050       0x68 build/main.o
 .debug_frame   0x00000000000000b8       0xb0 build/interrupt.o
 .debug_frame   0x0000000000000168       0xcc build/Uart.o
 .debug_frame   0x0000000000000234       0xcc build/stdio.o
 .debug_frame   0x0000000000000300       0x90 build/armcpu.o
 .debug_frame   0x0000000000000390       0x20 /usr/lib/gcc/arm-none-eabi/9.2.1/libgcc.a(_udivsi3.o)
 .debug_frame   0x00000000000003b0       0x20 /usr/lib/gcc/arm-none-eabi/9.2.1/libgcc.a(_divsi3.o)
