Archive member included to satisfy reference by file (symbol)

/usr/lib/gcc/arm-none-eabi/9.2.1/libgcc.a(_udivsi3.o)
                              build/stdio.o (__aeabi_uidiv)
/usr/lib/gcc/arm-none-eabi/9.2.1/libgcc.a(_divsi3.o)
                              build/stdio.o (__aeabi_idiv)
/usr/lib/gcc/arm-none-eabi/9.2.1/libgcc.a(_dvmd_tls.o)
                              /usr/lib/gcc/arm-none-eabi/9.2.1/libgcc.a(_udivsi3.o) (__aeabi_idiv0)

Memory Configuration

Name             Origin             Length             Attributes
*default*        0x0000000000000000 0xffffffffffffffff

Linker script and memory map

LOAD build/Entry.os
LOAD build/main.o
LOAD build/Regs.o
LOAD build/Uart.o
LOAD build/stdio.o
LOAD /usr/lib/gcc/arm-none-eabi/9.2.1/libgcc.a
                0x0000000000000000                . = 0x0

.text           0x0000000000000000      0xdc8
 *(vector_start)
 *(.text .rodata)
 .text          0x0000000000000000       0xd4 build/Entry.os
                0x0000000000000000                vector_start
                0x000000000000003c                vector_end
 .text          0x00000000000000d4      0x13c build/main.o
                0x00000000000000d4                main
 .rodata        0x0000000000000210       0x7f build/main.o
 .text          0x000000000000028f        0x0 build/Regs.o
 *fill*         0x000000000000028f        0x1 
 .text          0x0000000000000290      0x328 build/Uart.o
                0x0000000000000290                Hal_uart_init
                0x0000000000000308                Hal_uart_put_char
                0x0000000000000364                Hal_uart_get_char_OR
                0x00000000000004a4                Hal_uart_get_char_ALL
                0x0000000000000534                Hal_uart_get_char_once
 .text          0x00000000000005b8      0x580 build/stdio.o
                0x00000000000005b8                putstr
                0x0000000000000618                printf_self
                0x0000000000000668                vsprintf
                0x00000000000008e8                utoa
                0x00000000000009fc                itoa
 .rodata        0x0000000000000b38       0x2d build/stdio.o
 *fill*         0x0000000000000b65        0x3 
 .text          0x0000000000000b68      0x114 /usr/lib/gcc/arm-none-eabi/9.2.1/libgcc.a(_udivsi3.o)
                0x0000000000000b68                __udivsi3
                0x0000000000000b68                __aeabi_uidiv
                0x0000000000000c5c                __aeabi_uidivmod
 .text          0x0000000000000c7c      0x148 /usr/lib/gcc/arm-none-eabi/9.2.1/libgcc.a(_divsi3.o)
                0x0000000000000c7c                __aeabi_idiv
                0x0000000000000c7c                __divsi3
                0x0000000000000da4                __aeabi_idivmod
 .text          0x0000000000000dc4        0x4 /usr/lib/gcc/arm-none-eabi/9.2.1/libgcc.a(_dvmd_tls.o)
                0x0000000000000dc4                __aeabi_ldiv0
                0x0000000000000dc4                __aeabi_idiv0

.glue_7         0x0000000000000dc8        0x0
 .glue_7        0x0000000000000dc8        0x0 linker stubs

.glue_7t        0x0000000000000dc8        0x0
 .glue_7t       0x0000000000000dc8        0x0 linker stubs

.vfp11_veneer   0x0000000000000dc8        0x0
 .vfp11_veneer  0x0000000000000dc8        0x0 linker stubs

.v4_bx          0x0000000000000dc8        0x0
 .v4_bx         0x0000000000000dc8        0x0 linker stubs

.iplt           0x0000000000000dc8        0x0
 .iplt          0x0000000000000dc8        0x0 build/Entry.os

.rel.dyn        0x0000000000000dc8        0x0
 .rel.iplt      0x0000000000000dc8        0x0 build/Entry.os

.data           0x0000000000000dc8        0x4
 *(.data)
 .data          0x0000000000000dc8        0x0 build/Entry.os
 .data          0x0000000000000dc8        0x0 build/main.o
 .data          0x0000000000000dc8        0x4 build/Regs.o
                0x0000000000000dc8                Uart
 .data          0x0000000000000dcc        0x0 build/Uart.o
 .data          0x0000000000000dcc        0x0 build/stdio.o
 .data          0x0000000000000dcc        0x0 /usr/lib/gcc/arm-none-eabi/9.2.1/libgcc.a(_udivsi3.o)
 .data          0x0000000000000dcc        0x0 /usr/lib/gcc/arm-none-eabi/9.2.1/libgcc.a(_divsi3.o)
 .data          0x0000000000000dcc        0x0 /usr/lib/gcc/arm-none-eabi/9.2.1/libgcc.a(_dvmd_tls.o)

.igot.plt       0x0000000000000dcc        0x0
 .igot.plt      0x0000000000000dcc        0x0 build/Entry.os

.bss            0x0000000000000dcc      0x400
 *(.bss)
 .bss           0x0000000000000dcc        0x0 build/Entry.os
 .bss           0x0000000000000dcc        0x0 build/main.o
 .bss           0x0000000000000dcc        0x0 build/Regs.o
 .bss           0x0000000000000dcc        0x0 build/Uart.o
 .bss           0x0000000000000dcc      0x400 build/stdio.o
 .bss           0x00000000000011cc        0x0 /usr/lib/gcc/arm-none-eabi/9.2.1/libgcc.a(_udivsi3.o)
 .bss           0x00000000000011cc        0x0 /usr/lib/gcc/arm-none-eabi/9.2.1/libgcc.a(_divsi3.o)
 .bss           0x00000000000011cc        0x0 /usr/lib/gcc/arm-none-eabi/9.2.1/libgcc.a(_dvmd_tls.o)
OUTPUT(build/tr.axf elf32-littlearm)
LOAD linker stubs

.ARM.attributes
                0x0000000000000000       0x2b
 .ARM.attributes
                0x0000000000000000       0x1d build/Entry.os
 .ARM.attributes
                0x000000000000001d       0x2f build/main.o
 .ARM.attributes
                0x000000000000004c       0x2f build/Regs.o
 .ARM.attributes
                0x000000000000007b       0x2f build/Uart.o
 .ARM.attributes
                0x00000000000000aa       0x2f build/stdio.o
 .ARM.attributes
                0x00000000000000d9       0x1c /usr/lib/gcc/arm-none-eabi/9.2.1/libgcc.a(_udivsi3.o)
 .ARM.attributes
                0x00000000000000f5       0x1c /usr/lib/gcc/arm-none-eabi/9.2.1/libgcc.a(_divsi3.o)
 .ARM.attributes
                0x0000000000000111       0x1c /usr/lib/gcc/arm-none-eabi/9.2.1/libgcc.a(_dvmd_tls.o)

.comment        0x0000000000000000       0x59
 .comment       0x0000000000000000       0x59 build/main.o
                                         0x5a (size before relaxing)
 .comment       0x0000000000000059       0x5a build/Regs.o
 .comment       0x0000000000000059       0x5a build/Uart.o
 .comment       0x0000000000000059       0x5a build/stdio.o

.debug_line     0x0000000000000000      0x631
 .debug_line    0x0000000000000000       0x6d build/Entry.os
 .debug_line    0x000000000000006d       0x99 build/main.o
 .debug_line    0x0000000000000106       0x4e build/Regs.o
 .debug_line    0x0000000000000154      0x195 build/Uart.o
 .debug_line    0x00000000000002e9      0x1fd build/stdio.o
 .debug_line    0x00000000000004e6       0x74 /usr/lib/gcc/arm-none-eabi/9.2.1/libgcc.a(_udivsi3.o)
 .debug_line    0x000000000000055a       0x80 /usr/lib/gcc/arm-none-eabi/9.2.1/libgcc.a(_divsi3.o)
 .debug_line    0x00000000000005da       0x57 /usr/lib/gcc/arm-none-eabi/9.2.1/libgcc.a(_dvmd_tls.o)

.debug_info     0x0000000000000000     0x1c26
 .debug_info    0x0000000000000000       0x26 build/Entry.os
 .debug_info    0x0000000000000026      0x12a build/main.o
 .debug_info    0x0000000000000150      0xb38 build/Regs.o
 .debug_info    0x0000000000000c88      0xbfb build/Uart.o
 .debug_info    0x0000000000001883      0x331 build/stdio.o
 .debug_info    0x0000000000001bb4       0x26 /usr/lib/gcc/arm-none-eabi/9.2.1/libgcc.a(_udivsi3.o)
 .debug_info    0x0000000000001bda       0x26 /usr/lib/gcc/arm-none-eabi/9.2.1/libgcc.a(_divsi3.o)
 .debug_info    0x0000000000001c00       0x26 /usr/lib/gcc/arm-none-eabi/9.2.1/libgcc.a(_dvmd_tls.o)

.debug_abbrev   0x0000000000000000      0x4bc
 .debug_abbrev  0x0000000000000000       0x14 build/Entry.os
 .debug_abbrev  0x0000000000000014       0xd1 build/main.o
 .debug_abbrev  0x00000000000000e5       0xf8 build/Regs.o
 .debug_abbrev  0x00000000000001dd      0x172 build/Uart.o
 .debug_abbrev  0x000000000000034f      0x131 build/stdio.o
 .debug_abbrev  0x0000000000000480       0x14 /usr/lib/gcc/arm-none-eabi/9.2.1/libgcc.a(_udivsi3.o)
 .debug_abbrev  0x0000000000000494       0x14 /usr/lib/gcc/arm-none-eabi/9.2.1/libgcc.a(_divsi3.o)
 .debug_abbrev  0x00000000000004a8       0x14 /usr/lib/gcc/arm-none-eabi/9.2.1/libgcc.a(_dvmd_tls.o)

.debug_aranges  0x0000000000000000       0xf8
 .debug_aranges
                0x0000000000000000       0x20 build/Entry.os
 .debug_aranges
                0x0000000000000020       0x20 build/main.o
 .debug_aranges
                0x0000000000000040       0x18 build/Regs.o
 .debug_aranges
                0x0000000000000058       0x20 build/Uart.o
 .debug_aranges
                0x0000000000000078       0x20 build/stdio.o
 .debug_aranges
                0x0000000000000098       0x20 /usr/lib/gcc/arm-none-eabi/9.2.1/libgcc.a(_udivsi3.o)
 .debug_aranges
                0x00000000000000b8       0x20 /usr/lib/gcc/arm-none-eabi/9.2.1/libgcc.a(_divsi3.o)
 .debug_aranges
                0x00000000000000d8       0x20 /usr/lib/gcc/arm-none-eabi/9.2.1/libgcc.a(_dvmd_tls.o)

.debug_str      0x0000000000000000      0x5b1
 .debug_str     0x0000000000000000       0x2c build/Entry.os
 .debug_str     0x000000000000002c      0x112 build/main.o
                                        0x143 (size before relaxing)
 .debug_str     0x000000000000013e      0x302 build/Regs.o
                                        0x3f4 (size before relaxing)
 .debug_str     0x0000000000000440       0x60 build/Uart.o
                                        0x463 (size before relaxing)
 .debug_str     0x00000000000004a0       0x93 build/stdio.o
                                        0x1a0 (size before relaxing)
 .debug_str     0x0000000000000533       0x7e /usr/lib/gcc/arm-none-eabi/9.2.1/libgcc.a(_udivsi3.o)
                                         0x8a (size before relaxing)
 .debug_str     0x00000000000005b1       0x8a /usr/lib/gcc/arm-none-eabi/9.2.1/libgcc.a(_divsi3.o)
 .debug_str     0x00000000000005b1       0x8a /usr/lib/gcc/arm-none-eabi/9.2.1/libgcc.a(_dvmd_tls.o)

.debug_frame    0x0000000000000000      0x228
 .debug_frame   0x0000000000000000       0x6c build/main.o
 .debug_frame   0x000000000000006c       0xb0 build/Uart.o
 .debug_frame   0x000000000000011c       0xcc build/stdio.o
 .debug_frame   0x00000000000001e8       0x20 /usr/lib/gcc/arm-none-eabi/9.2.1/libgcc.a(_udivsi3.o)
 .debug_frame   0x0000000000000208       0x20 /usr/lib/gcc/arm-none-eabi/9.2.1/libgcc.a(_divsi3.o)
