
Memory Configuration

Name             Origin             Length             Attributes
*default*        0x0000000000000000 0xffffffffffffffff

Linker script and memory map

                0x0000000000000000                . = 0x0

.text           0x0000000000000000      0x104
 *(vector_start)
 *(.text .rodata)
 .text          0x0000000000000000       0xd4 build/Entry.os
                0x0000000000000000                vector_start
                0x000000000000003c                vector_end
 .text          0x00000000000000d4       0x30 build/main.o
                0x00000000000000d4                main

.glue_7         0x0000000000000104        0x0
 .glue_7        0x0000000000000104        0x0 linker stubs

.glue_7t        0x0000000000000104        0x0
 .glue_7t       0x0000000000000104        0x0 linker stubs

.vfp11_veneer   0x0000000000000104        0x0
 .vfp11_veneer  0x0000000000000104        0x0 linker stubs

.v4_bx          0x0000000000000104        0x0
 .v4_bx         0x0000000000000104        0x0 linker stubs

.iplt           0x0000000000000104        0x0
 .iplt          0x0000000000000104        0x0 build/Entry.os

.rel.dyn        0x0000000000000104        0x0
 .rel.iplt      0x0000000000000104        0x0 build/Entry.os

.data           0x0000000000000104        0x0
 *(.data)
 .data          0x0000000000000104        0x0 build/Entry.os
 .data          0x0000000000000104        0x0 build/main.o

.igot.plt       0x0000000000000104        0x0
 .igot.plt      0x0000000000000104        0x0 build/Entry.os

.bss            0x0000000000000104        0x0
 *(.bss)
 .bss           0x0000000000000104        0x0 build/Entry.os
 .bss           0x0000000000000104        0x0 build/main.o
LOAD build/Entry.os
LOAD build/main.o
OUTPUT(build/tr.axf elf32-littlearm)
LOAD linker stubs

.ARM.attributes
                0x0000000000000000       0x2b
 .ARM.attributes
                0x0000000000000000       0x1d build/Entry.os
 .ARM.attributes
                0x000000000000001d       0x2f build/main.o

.comment        0x0000000000000000       0x59
 .comment       0x0000000000000000       0x59 build/main.o
                                         0x5a (size before relaxing)

.debug_line     0x0000000000000000       0xe6
 .debug_line    0x0000000000000000       0x6d build/Entry.os
 .debug_line    0x000000000000006d       0x79 build/main.o

.debug_info     0x0000000000000000       0xca
 .debug_info    0x0000000000000000       0x26 build/Entry.os
 .debug_info    0x0000000000000026       0xa4 build/main.o

.debug_abbrev   0x0000000000000000       0x83
 .debug_abbrev  0x0000000000000000       0x14 build/Entry.os
 .debug_abbrev  0x0000000000000014       0x6f build/main.o

.debug_aranges  0x0000000000000000       0x40
 .debug_aranges
                0x0000000000000000       0x20 build/Entry.os
 .debug_aranges
                0x0000000000000020       0x20 build/main.o

.debug_str      0x0000000000000000      0x115
 .debug_str     0x0000000000000000       0x24 build/Entry.os
 .debug_str     0x0000000000000024       0xf1 build/main.o
                                        0x130 (size before relaxing)

.debug_frame    0x0000000000000000       0x30
 .debug_frame   0x0000000000000000       0x30 build/main.o
